// Jest Snapshot v1, https://goo.gl/fbAQLP

exports[`Home testing take snapshot 1`] = `
<div>
  <header>
    <nav>
      <div>
        Logo
      </div>
      <ul>
        <li>
          <a
            href="/jest"
          >
            Shoping
          </a>
        </li>
        <li>
          <a
            href="login"
          >
            Login
          </a>
        </li>
        <li>
          Contact Us
        </li>
        <li>
          About Us
        </li>
      </ul>
    </nav>
  </header>
  <main>
    <section>
      <h1>
        this is Home
      </h1>
    </section>
    <section>
      section2
    </section>
    <section>
      section3
    </section>
  </main>
  <footer>
    footer
  </footer>
</div>
`;
